// Jest Snapshot v1, https://goo.gl/fbAQLP

exports[`SearchPage should match the snapshot 1`] = `
ShallowWrapper {
  Symbol(enzyme.__root__): [Circular],
  Symbol(enzyme.__unrendered__): <SearchPage
    addToResources={[Function]}
    additionalResources={Array []}
    relatedSearches={Array []}
/>,
  Symbol(enzyme.__renderer__): Object {
    "batchedUpdates": [Function],
    "getNode": [Function],
    "render": [Function],
    "simulateError": [Function],
    "simulateEvent": [Function],
    "unmount": [Function],
  },
  Symbol(enzyme.__node__): Object {
    "instance": null,
    "key": undefined,
    "nodeType": "host",
    "props": Object {
      "children": Array [
        <div
          className="search-form"
>
          <input
                    className="search-input"
                    name="search"
                    onChange={[Function]}
                    placeholder="search for resources"
                    type="text"
          />
          <button
                    className="search-button"
                    onClick={[Function]}
          >
                    Search
          </button>
          <NavLink
                    activeClassName="active"
                    aria-current="page"
                    className="selected-resources-button"
                    to="/selectedResources"
          >
                    View Selected Resources
          </NavLink>
</div>,
        <div
          className="welcome-heading"
>
          <h2
                    className="welcome"
          >
                    Welcome to Outsourced. Outsourced is a site designed to allow the user to search for related resources based on your search. Start out by searching a book, movie, or music and click the add button to add them to your additional resources. You can create a QR code for your users to scan on the additional resources page.
          </h2>
</div>,
      ],
      "className": "search-page",
    },
    "ref": null,
    "rendered": Array [
      Object {
        "instance": null,
        "key": undefined,
        "nodeType": "host",
        "props": Object {
          "children": Array [
            <input
              className="search-input"
              name="search"
              onChange={[Function]}
              placeholder="search for resources"
              type="text"
/>,
            <button
              className="search-button"
              onClick={[Function]}
>
              Search
</button>,
            <NavLink
              activeClassName="active"
              aria-current="page"
              className="selected-resources-button"
              to="/selectedResources"
>
              View Selected Resources
</NavLink>,
          ],
          "className": "search-form",
        },
        "ref": null,
        "rendered": Array [
          Object {
            "instance": null,
            "key": undefined,
            "nodeType": "host",
            "props": Object {
              "className": "search-input",
              "name": "search",
              "onChange": [Function],
              "placeholder": "search for resources",
              "type": "text",
            },
            "ref": null,
            "rendered": null,
            "type": "input",
          },
          Object {
            "instance": null,
            "key": undefined,
            "nodeType": "host",
            "props": Object {
              "children": "Search",
              "className": "search-button",
              "onClick": [Function],
            },
            "ref": null,
            "rendered": "Search",
            "type": "button",
          },
          Object {
            "instance": null,
            "key": undefined,
            "nodeType": "function",
            "props": Object {
              "activeClassName": "active",
              "aria-current": "page",
              "children": "View Selected Resources",
              "className": "selected-resources-button",
              "to": "/selectedResources",
            },
            "ref": null,
            "rendered": "View Selected Resources",
            "type": [Function],
          },
        ],
        "type": "div",
      },
      Object {
        "instance": null,
        "key": undefined,
        "nodeType": "host",
        "props": Object {
          "children": <h2
            className="welcome"
>
            Welcome to Outsourced. Outsourced is a site designed to allow the user to search for related resources based on your search. Start out by searching a book, movie, or music and click the add button to add them to your additional resources. You can create a QR code for your users to scan on the additional resources page.
</h2>,
          "className": "welcome-heading",
        },
        "ref": null,
        "rendered": Object {
          "instance": null,
          "key": undefined,
          "nodeType": "host",
          "props": Object {
            "children": "Welcome to Outsourced. Outsourced is a site designed to allow the user to search for related resources based on your search. Start out by searching a book, movie, or music and click the add button to add them to your additional resources. You can create a QR code for your users to scan on the additional resources page.",
            "className": "welcome",
          },
          "ref": null,
          "rendered": "Welcome to Outsourced. Outsourced is a site designed to allow the user to search for related resources based on your search. Start out by searching a book, movie, or music and click the add button to add them to your additional resources. You can create a QR code for your users to scan on the additional resources page.",
          "type": "h2",
        },
        "type": "div",
      },
    ],
    "type": "div",
  },
  Symbol(enzyme.__nodes__): Array [
    Object {
      "instance": null,
      "key": undefined,
      "nodeType": "host",
      "props": Object {
        "children": Array [
          <div
            className="search-form"
>
            <input
                        className="search-input"
                        name="search"
                        onChange={[Function]}
                        placeholder="search for resources"
                        type="text"
            />
            <button
                        className="search-button"
                        onClick={[Function]}
            >
                        Search
            </button>
            <NavLink
                        activeClassName="active"
                        aria-current="page"
                        className="selected-resources-button"
                        to="/selectedResources"
            >
                        View Selected Resources
            </NavLink>
</div>,
          <div
            className="welcome-heading"
>
            <h2
                        className="welcome"
            >
                        Welcome to Outsourced. Outsourced is a site designed to allow the user to search for related resources based on your search. Start out by searching a book, movie, or music and click the add button to add them to your additional resources. You can create a QR code for your users to scan on the additional resources page.
            </h2>
</div>,
        ],
        "className": "search-page",
      },
      "ref": null,
      "rendered": Array [
        Object {
          "instance": null,
          "key": undefined,
          "nodeType": "host",
          "props": Object {
            "children": Array [
              <input
                className="search-input"
                name="search"
                onChange={[Function]}
                placeholder="search for resources"
                type="text"
/>,
              <button
                className="search-button"
                onClick={[Function]}
>
                Search
</button>,
              <NavLink
                activeClassName="active"
                aria-current="page"
                className="selected-resources-button"
                to="/selectedResources"
>
                View Selected Resources
</NavLink>,
            ],
            "className": "search-form",
          },
          "ref": null,
          "rendered": Array [
            Object {
              "instance": null,
              "key": undefined,
              "nodeType": "host",
              "props": Object {
                "className": "search-input",
                "name": "search",
                "onChange": [Function],
                "placeholder": "search for resources",
                "type": "text",
              },
              "ref": null,
              "rendered": null,
              "type": "input",
            },
            Object {
              "instance": null,
              "key": undefined,
              "nodeType": "host",
              "props": Object {
                "children": "Search",
                "className": "search-button",
                "onClick": [Function],
              },
              "ref": null,
              "rendered": "Search",
              "type": "button",
            },
            Object {
              "instance": null,
              "key": undefined,
              "nodeType": "function",
              "props": Object {
                "activeClassName": "active",
                "aria-current": "page",
                "children": "View Selected Resources",
                "className": "selected-resources-button",
                "to": "/selectedResources",
              },
              "ref": null,
              "rendered": "View Selected Resources",
              "type": [Function],
            },
          ],
          "type": "div",
        },
        Object {
          "instance": null,
          "key": undefined,
          "nodeType": "host",
          "props": Object {
            "children": <h2
              className="welcome"
>
              Welcome to Outsourced. Outsourced is a site designed to allow the user to search for related resources based on your search. Start out by searching a book, movie, or music and click the add button to add them to your additional resources. You can create a QR code for your users to scan on the additional resources page.
</h2>,
            "className": "welcome-heading",
          },
          "ref": null,
          "rendered": Object {
            "instance": null,
            "key": undefined,
            "nodeType": "host",
            "props": Object {
              "children": "Welcome to Outsourced. Outsourced is a site designed to allow the user to search for related resources based on your search. Start out by searching a book, movie, or music and click the add button to add them to your additional resources. You can create a QR code for your users to scan on the additional resources page.",
              "className": "welcome",
            },
            "ref": null,
            "rendered": "Welcome to Outsourced. Outsourced is a site designed to allow the user to search for related resources based on your search. Start out by searching a book, movie, or music and click the add button to add them to your additional resources. You can create a QR code for your users to scan on the additional resources page.",
            "type": "h2",
          },
          "type": "div",
        },
      ],
      "type": "div",
    },
  ],
  Symbol(enzyme.__options__): Object {
    "adapter": ReactSixteenAdapter {
      "options": Object {
        "enableComponentDidUpdateOnSetState": true,
        "lifecycles": Object {
          "componentDidUpdate": Object {
            "onSetState": true,
          },
          "getDerivedStateFromProps": true,
          "getSnapshotBeforeUpdate": true,
          "setState": Object {
            "skipsComponentDidUpdateOnNullish": true,
          },
        },
      },
    },
    "attachTo": undefined,
    "hydrateIn": undefined,
  },
}
`;
